<!DOCTYPE html>
<html lang="en-us">
  <head>
    <title>/adrian/colors/golden/</title>
    <link rel="canonical" href="/adrian/colors/golden/">
    <meta name="robots" content="noindex">
    <meta charset="utf-8">
    <meta http-equiv="refresh" content="0; url=/adrian/colors/golden/">
  </head>
</html>
